src/backend/payments/stripe.ts(10,3): error TS2322: Type '"2024-11-20.acacia"' is not assignable to type '"2025-02-24.acacia"'.
src/middleware.ts(79,20): error TS2339: Property 'user' does not exist on type 'Locals'.
src/middleware.ts(80,20): error TS2339: Property 'accessToken' does not exist on type 'Locals'.
src/pages/api/auth/ensure-profile.ts(24,85): error TS2339: Property 'user' does not exist on type 'Locals'.
src/pages/api/auth/ensure-profile.ts(47,21): error TS2339: Property 'user' does not exist on type 'Locals'.
src/pages/api/auth/ensure-profile.ts(48,21): error TS2339: Property 'user' does not exist on type 'Locals'.
src/pages/api/auth/ensure-profile.ts(49,24): error TS2339: Property 'user' does not exist on type 'Locals'.
src/pages/api/auth/ensure-profile.ts(50,23): error TS2339: Property 'user' does not exist on type 'Locals'.
src/pages/api/auth/register.ts(57,7): error TS2561: Object literal may only specify known properties, but 'appMetadata' does not exist in type 'AdminUserAttributes'. Did you mean to write 'app_metadata'?
src/pages/api/create-checkout.ts(11,23): error TS2339: Property 'user' does not exist on type 'Locals'.
src/pages/api/create-checkout.ts(12,30): error TS2339: Property 'accessToken' does not exist on type 'Locals'.
src/pages/api/delete-analysis.ts(5,23): error TS2339: Property 'user' does not exist on type 'Locals'.
src/pages/api/generate-pdf.ts(8,23): error TS2339: Property 'user' does not exist on type 'Locals'.
src/pages/api/stripe-webhook.ts(74,11): error TS2322: Type 'number | null | undefined' is not assignable to type 'number | undefined'.
  Type 'null' is not assignable to type 'number | undefined'.
src/pages/api/teste-bloqueio.ts(68,51): error TS2339: Property 'sequencias' does not exist on type 'Triangulo'.
